[atlancey.com/index.html]
[backblue.gif]
[fade.gif]
[index.html]
[atlancey.com/assets/js/jquery.min.js]
[atlancey.com/assets/js/jquery-ui.min.js]
[atlancey.com/assets/js/flipsnap.min.js]
[atlancey.com/assets/js/tweenmax.min.js]
[atlancey.com/assets/js/timeline.min.js]
[atlancey.com/assets/js/fullpage.min.js]
[atlancey.com/assets/js/main.min.js]
[atlancey.com/assets/img/team/aman.png]
[atlancey.com/assets/img/team/aayush.png]
[atlancey.com/assets/img/team/kaustubh.png]
[atlancey.com/index.html]
[atlancey.com/assets/css/fullpage.min.css]
[atlancey.com/assets/css/reset.min.css]
[atlancey.com/assets/css/fonts/HelveticaLTStd-Blk.eot]
[atlancey.com/assets/css/fonts/HelveticaLTStd-Blkd41dd41d.eot]
[atlancey.com/assets/css/fonts/HelveticaLTStd-Blk.html]
[atlancey.com/assets/css/fonts/HelveticaLTStd-Blk.ttf]
[atlancey.com/assets/css/fonts/HelveticaLTStd-Light.eot]
[atlancey.com/assets/css/fonts/HelveticaLTStd-Lightd41dd41d.eot]
[atlancey.com/assets/css/fonts/HelveticaLTStd-Light.html]
[atlancey.com/assets/css/fonts/HelveticaLTStd-Light.ttf]
[atlancey.com/assets/css/style.min.css]
[atlancey.com/assets/img/assorted/close.svg]
[atlancey.com/assets/img/Atlancey logo.svg]
[atlancey.com/assets/img/assorted/mouse.svg]
[atlancey.com/assets/img/sections/hello.svg]
[atlancey.com/assets/img/sections/about.svg]
[atlancey.com/assets/img/sections/what_we_do.svg]
[atlancey.com/assets/img/sections/past_projects.svg]
[atlancey.com/assets/img/sections/meet_the_team.svg]
[atlancey.com/assets/img/sections/get_in_touch.svg]
[atlancey.com/assets/css/fonts/HelveticaLTStd-Blk.html]
[atlancey.com/assets/css/fonts/HelveticaLTStd-Light.html]
